# 0-add_integer.txt
# Test cases for 0-add_integer.py

>>> add_integer = __import__('0-add_integer').add_integer

# Test with two integers
>>> add_integer(1, 2)
3

# Test with negative numbers
>>> add_integer(100, -2)
98

# Test with default value for b
>>> add_integer(2)
100

# Test with float values (should be cast to integers)
>>> add_integer(100.3, -2)
98

# Test with float overflow
>>> add_integer(float('inf'), 0)
Traceback (most recent call last):
    ...
OverflowError: cannot convert float infinity to integer

# Test with NaN
>>> add_integer(float('nan'), 0)
Traceback (most recent call last):
    ...
ValueError: cannot convert float NaN to integer

# Test with string for a
>>> add_integer("School", 0)
Traceback (most recent call last):
    ...
TypeError: a must be an integer

# Test with string for b
>>> add_integer(0, "School")
Traceback (most recent call last):
    ...
TypeError: b must be an integer

# Test with None
>>> add_integer(None)
Traceback (most recent call last):
    ...
TypeError: a must be an integer
