# 4-print_square.txt
# Test cases for 4-print_square.py

>>> print_square = __import__('4-print_square').print_square

# Test with size = 4
>>> print_square(4)
####
####
####
####

# Test with size = 10
>>> print_square(10)
##########
##########
##########
##########
##########
##########
##########
##########
##########
##########

# Test with size = 0
>>> print_square(0)


# Test with size = 1
>>> print_square(1)
#

# Test with negative size
>>> print_square(-1)
Traceback (most recent call last):
    ...
ValueError: size must be >= 0

# Test with float
>>> print_square(2.5)
Traceback (most recent call last):
    ...
TypeError: size must be an integer

# Test with negative float
>>> print_square(-2.5)
Traceback (most recent call last):
    ...
TypeError: size must be an integer

# Test with None
>>> print_square(None)
Traceback (most recent call last):
    ...
TypeError: size must be an integer
