# 5-text_indentation.txt
# Test cases for 5-text_indentation.py

>>> text_indentation = __import__('5-text_indentation').text_indentation

# Test with a paragraph containing all special characters
>>> text_indentation("""Lorem ipsum dolor sit amet, consectetur adipiscing elit. Quonam modo? Utrum igitur tibi litteram videor an totas paginas commovere? Non autem hoc: igitur ne illud quidem. Fortasse id optimum, sed ubi illud: Plus semper voluptatis?""")
Lorem ipsum dolor sit amet, consectetur adipiscing elit.
<BLANKLINE>
Quonam modo?
<BLANKLINE>
Utrum igitur tibi litteram videor an totas paginas commovere?
<BLANKLINE>
Non autem hoc:
<BLANKLINE>
igitur ne illud quidem.
<BLANKLINE>
Fortasse id optimum, sed ubi illud:
<BLANKLINE>
Plus semper voluptatis?
<BLANKLINE>

# Test with just periods
>>> text_indentation("Hello. World.")
Hello.
<BLANKLINE>
World.
<BLANKLINE>

# Test with no special characters
>>> text_indentation("Hello World")
Hello World

# Test with just special characters
>>> text_indentation(".?:")
.
<BLANKLINE>
?
<BLANKLINE>
:
<BLANKLINE>

# Test with non-string input
>>> text_indentation(12)
Traceback (most recent call last):
    ...
TypeError: text must be a string

# Test with None
>>> text_indentation(None)
Traceback (most recent call last):
    ...
TypeError: text must be a string

# Test missing the text argument
>>> text_indentation()
Traceback (most recent call last):
    ...
TypeError: text_indentation() missing 1 required positional argument: 'text'
